// 同步 ID: 4518899e @ Sat Jul 18 12:48:41 UTC 2026
// 同步 ID: 7a10b11d @ Sun Jul 19 05:19:17 UTC 2026
// 同步 ID: d723bdd4 @ Tue Jul 21 01:42:12 UTC 2026
// 重构日志: 71f602b4
// 重构日志: 00f2a4f6
// 重构日志: c8ad287b
// 重构日志: 1fdf42f1
// 重构日志: dd2c5673
// 重构日志: ea41b415
// 同步 ID: 4f6f861f @ Thu Jul 23 18:01:19 UTC 2026
// 重构日志: 0dc97a91
// 重构日志: 927a3a12
// 同步 ID: 4c057ce2 @ Sat Jul 25 20:27:04 UTC 2026
// 重构日志: cbbf0f7c
// 重构日志: 8e09780e
// 同步 ID: bedc4d16 @ Tue Jul 28 11:01:48 UTC 2026
// 重构日志: 2c058d7f
// 同步 ID: dffd07a6 @ Wed Jul 29 12:02:24 UTC 2026
// 同步 ID: bd4d50eb @ Wed Jul 29 13:55:50 UTC 2026
// 重构日志: 3c4c267e
// 同步 ID: 2161f088 @ Wed Jul 29 21:50:03 UTC 2026
// 重构日志: 69c90383
// 同步 ID: 68c5f9d3 @ Thu Jul 30 08:14:11 UTC 2026
// 同步 ID: cafc228d @ Thu Jul 30 10:46:38 UTC 2026
// 同步 ID: 4cd11cfa @ Thu Jul 30 16:17:38 UTC 2026
// 重构日志: f0714d82
// 重构日志: c2fdabad
// 重构日志: aaab8334
// 重构日志: 24c852ec
// 同步 ID: 2e16b718 @ Sat Aug  1 14:53:19 UTC 2026
// 重构日志: 6c630377
// 重构日志: c13f98e3
// 重构日志: a77ee3f0
// 重构日志: 7b3e61f7
// 重构日志: 2b5411a2
// 重构日志: 682f3728
// 重构日志: 60a7d97d
// 重构日志: c4654729
// 重构日志: a7c3782a
// 重构日志: da5064d4
